# Keys whose baseline is not what the reader produces when nothing is written.
# Regenerate with -update.
#
# A row means a node with this key missing runs the absent value today and would run
# the baseline once the section is declared. Guarding the read is what empties this
# file: the absent column then becomes the declared default and the row disappears.
#
# key	setting	absent	baseline	modes

state-store.ss-async-write-buffer	AsyncWriteBuffer	0	100	all
state-store.ss-backend	Backend	""	"pebbledb"	all
state-store.ss-enable	Enable	false	true	all
state-store.ss-import-num-workers	ImportNumWorkers	0	1	all
state-store.ss-keep-recent	KeepRecent	0	100000	all
state-store.ss-prune-interval	PruneIntervalSeconds	0	600	all
