Enable = bool(true)
Directory = string("")
AsyncCommitBuffer = int(0)
WriteMode = types.WriteMode("memiavl_only")
WriteModeEnableAuto = bool(true)
MemIAVLConfig.AsyncCommitBuffer = int(100)
MemIAVLConfig.SnapshotKeepRecent = uint32(1)
MemIAVLConfig.SnapshotInterval = uint32(10000)
MemIAVLConfig.SnapshotMinTimeInterval = uint32(3600)
MemIAVLConfig.SnapshotWriterLimit = int(4)
MemIAVLConfig.SnapshotPrefetchThreshold = float64(0.8)
MemIAVLConfig.SnapshotWriteRateMBps = int(100)
FlatKVConfig.DataDir = string("")
FlatKVConfig.Fsync = bool(false)
FlatKVConfig.AsyncWriteBuffer = int(0)
FlatKVConfig.SnapshotInterval = uint32(10000)
FlatKVConfig.SnapshotKeepRecent = uint32(1)
FlatKVConfig.EnablePebbleMetrics = bool(true)
FlatKVConfig.EnableReadWriteMetrics = bool(false)
FlatKVConfig.AccountDBConfig.DataDir = string("")
FlatKVConfig.AccountDBConfig.EnableMetrics = bool(true)
FlatKVConfig.AccountDBConfig.EnableReadWriteMetrics = bool(false)
FlatKVConfig.AccountDBConfig.MetricsScrapeInterval = time.Duration(10s)
FlatKVConfig.AccountCacheConfig.ShardCount = uint64(8)
FlatKVConfig.AccountCacheConfig.MaxSize = uint64(1073741824)
FlatKVConfig.AccountCacheConfig.EstimatedOverheadPerEntry = uint64(250)
FlatKVConfig.AccountCacheConfig.MetricsName = string("")
FlatKVConfig.AccountCacheConfig.MetricsScrapeInterval = time.Duration(0s)
FlatKVConfig.CodeDBConfig.DataDir = string("")
FlatKVConfig.CodeDBConfig.EnableMetrics = bool(true)
FlatKVConfig.CodeDBConfig.EnableReadWriteMetrics = bool(false)
FlatKVConfig.CodeDBConfig.MetricsScrapeInterval = time.Duration(10s)
FlatKVConfig.CodeCacheConfig.ShardCount = uint64(8)
FlatKVConfig.CodeCacheConfig.MaxSize = uint64(536870912)
FlatKVConfig.CodeCacheConfig.EstimatedOverheadPerEntry = uint64(250)
FlatKVConfig.CodeCacheConfig.MetricsName = string("")
FlatKVConfig.CodeCacheConfig.MetricsScrapeInterval = time.Duration(0s)
FlatKVConfig.StorageDBConfig.DataDir = string("")
FlatKVConfig.StorageDBConfig.EnableMetrics = bool(true)
FlatKVConfig.StorageDBConfig.EnableReadWriteMetrics = bool(false)
FlatKVConfig.StorageDBConfig.MetricsScrapeInterval = time.Duration(10s)
FlatKVConfig.StorageCacheConfig.ShardCount = uint64(8)
FlatKVConfig.StorageCacheConfig.MaxSize = uint64(4294967296)
FlatKVConfig.StorageCacheConfig.EstimatedOverheadPerEntry = uint64(250)
FlatKVConfig.StorageCacheConfig.MetricsName = string("")
FlatKVConfig.StorageCacheConfig.MetricsScrapeInterval = time.Duration(0s)
FlatKVConfig.MiscDBConfig.DataDir = string("")
FlatKVConfig.MiscDBConfig.EnableMetrics = bool(true)
FlatKVConfig.MiscDBConfig.EnableReadWriteMetrics = bool(false)
FlatKVConfig.MiscDBConfig.MetricsScrapeInterval = time.Duration(10s)
FlatKVConfig.MiscCacheConfig.ShardCount = uint64(8)
FlatKVConfig.MiscCacheConfig.MaxSize = uint64(536870912)
FlatKVConfig.MiscCacheConfig.EstimatedOverheadPerEntry = uint64(250)
FlatKVConfig.MiscCacheConfig.MetricsName = string("")
FlatKVConfig.MiscCacheConfig.MetricsScrapeInterval = time.Duration(0s)
FlatKVConfig.MetadataDBConfig.DataDir = string("")
FlatKVConfig.MetadataDBConfig.EnableMetrics = bool(true)
FlatKVConfig.MetadataDBConfig.EnableReadWriteMetrics = bool(false)
FlatKVConfig.MetadataDBConfig.MetricsScrapeInterval = time.Duration(10s)
FlatKVConfig.MetadataCacheConfig.ShardCount = uint64(8)
FlatKVConfig.MetadataCacheConfig.MaxSize = uint64(536870912)
FlatKVConfig.MetadataCacheConfig.EstimatedOverheadPerEntry = uint64(250)
FlatKVConfig.MetadataCacheConfig.MetricsName = string("")
FlatKVConfig.MetadataCacheConfig.MetricsScrapeInterval = time.Duration(0s)
FlatKVConfig.ReaderThreadsPerCore = float64(2)
FlatKVConfig.ReaderConstantThreadCount = int(0)
FlatKVConfig.ReaderPoolQueueSize = int(1024)
FlatKVConfig.MiscPoolThreadsPerCore = float64(4)
FlatKVConfig.MiscConstantThreadCount = int(0)
FlatKVConfig.LtHashThreadsPerCore = float64(1)
HistoricalProofMaxInFlight = int(1)
HistoricalProofRateLimit = float64(1)
HistoricalProofBurst = int(1)
HashLogger.Enable = bool(true)
HashLogger.Directory = string("")
HashLogger.BlocksToRetain = uint(0)
HashLogger.TargetFileSize = uint(16777216)
HashLogger.MaxDiskSize = uint(17179869184)
HashLogger.Version = string("")
