Enable = bool(true)
DBDirectory = string("")
Backend = string("pebbledb")
AsyncWriteBuffer = int(100)
KeepRecent = int(100000)
PruneIntervalSeconds = int(600)
ImportNumWorkers = int(1)
EnableReadWriteMetrics = bool(false)
KeepLastVersion = bool(true)
UseDefaultComparer = bool(false)
SnapshotEnable = bool(false)
SnapshotInterval = int64(0)
SnapshotKeepRecent = int(0)
SnapshotMinTimeInterval = time.Duration(0s)
ExternalPruning = bool(false)
EVMSplit = bool(false)
EVMDBDirectory = string("")
SeparateEVMSubDBs = bool(false)
