"state-commit.sc-enable"
"state-commit.sc-directory"
"state-commit.sc-async-commit-buffer"
"state-commit.sc-keep-recent"
"state-commit.sc-snapshot-interval"
"state-commit.sc-snapshot-min-time-interval"
"state-commit.sc-snapshot-writer-limit"
"state-commit.sc-snapshot-prefetch-threshold"
"state-commit.sc-snapshot-write-rate-mbps"
"state-commit.flatkv.enable-read-write-metrics"
"state-commit.sc-historical-proof-max-inflight"
"state-commit.sc-historical-proof-rate-limit"
"state-commit.sc-historical-proof-burst"
"state-commit.sc-subspace-query-max-inflight"
"state-commit.sc-subspace-max-pairs"
"state-commit.sc-subspace-max-bytes"
"state-commit.sc-hash-logger-enable"
"state-commit.sc-hash-logger-directory"
"state-commit.sc-hash-logger-blocks-to-retain"
"state-commit.sc-hash-logger-max-disk-size"
# keys with a target of their own
"state-commit.sc-write-mode"
"state-commit.sc-write-mode-enable-auto"
"state-commit.sc-hash-logger-target-file-size"
"state-commit.flatkv.fsync"
"state-commit.flatkv.async-write-buffer"
"state-commit.flatkv.snapshot-interval"
"state-commit.flatkv.snapshot-keep-recent"
