"state-store.ss-enable"
"state-store.ss-backend"
"state-store.ss-async-write-buffer"
"state-store.ss-keep-recent"
"state-store.ss-prune-interval"
"state-store.ss-import-num-workers"
"state-store.ss-db-directory"
"state-store.ss-enable-read-write-metrics"
"state-store.ss-snapshot-enable"
"state-store.evm-ss-db-directory"
"state-store.evm-ss-separate-dbs"
"state-store.evm-ss-split"
# keys with a target of their own
