Enable = bool(true)
Directory = string("")
AsyncCommitBuffer = int(0)
WriteMode = types.WriteMode("memiavl_only")
WriteModeEnableAuto = bool(true)
MemIAVLConfig.AsyncCommitBuffer = int(100)
MemIAVLConfig.SnapshotKeepRecent = uint32(1)
MemIAVLConfig.SnapshotInterval = uint32(10000)
MemIAVLConfig.SnapshotMinTimeInterval = uint32(3600)
MemIAVLConfig.SnapshotWriterLimit = int(4)
MemIAVLConfig.SnapshotPrefetchThreshold = float64(0.8)
MemIAVLConfig.SnapshotWriteRateMBps = int(100)
FlatKVConfig.DataDir = string("")
FlatKVConfig.Fsync = bool(false)
FlatKVConfig.AsyncWriteBuffer = int(0)
FlatKVConfig.SnapshotInterval = uint32(10000)
FlatKVConfig.SnapshotKeepRecent = uint32(1)
FlatKVConfig.MaxSnapshotLagBlocks = uint32(8192)
FlatKVConfig.HashQueueSize = uint32(64)
FlatKVConfig.HashChanSize = uint32(1024)
FlatKVConfig.ExternalPruning = bool(false)
FlatKVConfig.EnablePebbleMetrics = bool(true)
FlatKVConfig.EnableReadWriteMetrics = bool(false)
FlatKVConfig.AccountDBConfig.DataDir = string("")
FlatKVConfig.AccountDBConfig.EnableMetrics = bool(true)
FlatKVConfig.AccountDBConfig.EnableReadWriteMetrics = bool(false)
FlatKVConfig.AccountDBConfig.MetricsScrapeInterval = time.Duration(10s)
FlatKVConfig.AccountStoreConfig.ShardCount = uint64(8)
FlatKVConfig.AccountStoreConfig.MaxSize = uint64(1073741824)
FlatKVConfig.AccountStoreConfig.EstimatedOverheadPerEntry = uint64(256)
FlatKVConfig.AccountStoreConfig.Name = string("account")
FlatKVConfig.AccountStoreConfig.MetricsEnabled = bool(true)
FlatKVConfig.AccountStoreConfig.MetricsScrapeIntervalSeconds = float64(10)
FlatKVConfig.AccountStoreConfig.MaxUnflushedVersions = uint64(4096)
FlatKVConfig.AccountStoreConfig.TargetBytesPerFlush = uint64(4194304)
FlatKVConfig.AccountStoreConfig.ReservedPrefix = string("_meta/")
FlatKVConfig.AccountStoreConfig.FlushSync = bool(false)
FlatKVConfig.CodeDBConfig.DataDir = string("")
FlatKVConfig.CodeDBConfig.EnableMetrics = bool(true)
FlatKVConfig.CodeDBConfig.EnableReadWriteMetrics = bool(false)
FlatKVConfig.CodeDBConfig.MetricsScrapeInterval = time.Duration(10s)
FlatKVConfig.CodeStoreConfig.ShardCount = uint64(8)
FlatKVConfig.CodeStoreConfig.MaxSize = uint64(536870912)
FlatKVConfig.CodeStoreConfig.EstimatedOverheadPerEntry = uint64(256)
FlatKVConfig.CodeStoreConfig.Name = string("code")
FlatKVConfig.CodeStoreConfig.MetricsEnabled = bool(true)
FlatKVConfig.CodeStoreConfig.MetricsScrapeIntervalSeconds = float64(10)
FlatKVConfig.CodeStoreConfig.MaxUnflushedVersions = uint64(4096)
FlatKVConfig.CodeStoreConfig.TargetBytesPerFlush = uint64(4194304)
FlatKVConfig.CodeStoreConfig.ReservedPrefix = string("_meta/")
FlatKVConfig.CodeStoreConfig.FlushSync = bool(false)
FlatKVConfig.StorageDBConfig.DataDir = string("")
FlatKVConfig.StorageDBConfig.EnableMetrics = bool(true)
FlatKVConfig.StorageDBConfig.EnableReadWriteMetrics = bool(false)
FlatKVConfig.StorageDBConfig.MetricsScrapeInterval = time.Duration(10s)
FlatKVConfig.StorageStoreConfig.ShardCount = uint64(8)
FlatKVConfig.StorageStoreConfig.MaxSize = uint64(4294967296)
FlatKVConfig.StorageStoreConfig.EstimatedOverheadPerEntry = uint64(256)
FlatKVConfig.StorageStoreConfig.Name = string("storage")
FlatKVConfig.StorageStoreConfig.MetricsEnabled = bool(true)
FlatKVConfig.StorageStoreConfig.MetricsScrapeIntervalSeconds = float64(10)
FlatKVConfig.StorageStoreConfig.MaxUnflushedVersions = uint64(4096)
FlatKVConfig.StorageStoreConfig.TargetBytesPerFlush = uint64(4194304)
FlatKVConfig.StorageStoreConfig.ReservedPrefix = string("_meta/")
FlatKVConfig.StorageStoreConfig.FlushSync = bool(false)
FlatKVConfig.MiscDBConfig.DataDir = string("")
FlatKVConfig.MiscDBConfig.EnableMetrics = bool(true)
FlatKVConfig.MiscDBConfig.EnableReadWriteMetrics = bool(false)
FlatKVConfig.MiscDBConfig.MetricsScrapeInterval = time.Duration(10s)
FlatKVConfig.MiscStoreConfig.ShardCount = uint64(8)
FlatKVConfig.MiscStoreConfig.MaxSize = uint64(536870912)
FlatKVConfig.MiscStoreConfig.EstimatedOverheadPerEntry = uint64(256)
FlatKVConfig.MiscStoreConfig.Name = string("misc")
FlatKVConfig.MiscStoreConfig.MetricsEnabled = bool(true)
FlatKVConfig.MiscStoreConfig.MetricsScrapeIntervalSeconds = float64(10)
FlatKVConfig.MiscStoreConfig.MaxUnflushedVersions = uint64(4096)
FlatKVConfig.MiscStoreConfig.TargetBytesPerFlush = uint64(4194304)
FlatKVConfig.MiscStoreConfig.ReservedPrefix = string("_meta/")
FlatKVConfig.MiscStoreConfig.FlushSync = bool(false)
FlatKVConfig.MetadataDBConfig.DataDir = string("")
FlatKVConfig.MetadataDBConfig.EnableMetrics = bool(true)
FlatKVConfig.MetadataDBConfig.EnableReadWriteMetrics = bool(false)
FlatKVConfig.MetadataDBConfig.MetricsScrapeInterval = time.Duration(10s)
FlatKVConfig.MetadataStoreConfig.ShardCount = uint64(8)
FlatKVConfig.MetadataStoreConfig.MaxSize = uint64(536870912)
FlatKVConfig.MetadataStoreConfig.EstimatedOverheadPerEntry = uint64(256)
FlatKVConfig.MetadataStoreConfig.Name = string("metadata")
FlatKVConfig.MetadataStoreConfig.MetricsEnabled = bool(true)
FlatKVConfig.MetadataStoreConfig.MetricsScrapeIntervalSeconds = float64(10)
FlatKVConfig.MetadataStoreConfig.MaxUnflushedVersions = uint64(4096)
FlatKVConfig.MetadataStoreConfig.TargetBytesPerFlush = uint64(4194304)
FlatKVConfig.MetadataStoreConfig.ReservedPrefix = string("_meta/")
FlatKVConfig.MetadataStoreConfig.FlushSync = bool(false)
FlatKVConfig.ReaderThreadsPerCore = float64(2)
FlatKVConfig.ReaderConstantThreadCount = int(0)
FlatKVConfig.ReaderPoolQueueSize = int(1024)
FlatKVConfig.MiscPoolThreadsPerCore = float64(4)
FlatKVConfig.MiscConstantThreadCount = int(0)
FlatKVConfig.LtHashThreadsPerCore = float64(1)
HistoricalProofMaxInFlight = int(1)
HistoricalProofRateLimit = float64(1)
HistoricalProofBurst = int(1)
HashLogger.Enable = bool(true)
HashLogger.Directory = string("")
HashLogger.BlocksToRetain = uint(0)
HashLogger.TargetFileSize = uint(16777216)
HashLogger.MaxDiskSize = uint(17179869184)
HashLogger.Version = string("")
