# Which checks each of this package's configuration sections is wired to.
# One line per (section, check) pair, tab-separated, read from this package's own test files.
# A line that disappears is a check that was deleted, which is the one edit the remaining
# checks cannot report. Regenerate with `go test ./<pkg>/ -run TestWiringMatchesTheRecord -update`.

genesis	CheckDefaults
genesis	CheckEveryRowHasADiscriminatingSeed
genesis	CheckKeyNames
genesis	CheckManifestCoversEveryField
genesis	CheckRow
light_invariance	CheckDefaults
light_invariance	CheckEveryRowHasADiscriminatingSeed
light_invariance	CheckKeyNames
light_invariance	CheckManifestCoversEveryField
light_invariance	CheckRow
state-commit	CheckDefaults
state-commit	CheckEveryRowHasADiscriminatingSeed
state-commit	CheckKeyNames
state-commit	CheckRow
state-store	CheckDefaults
state-store	CheckEveryRowHasADiscriminatingSeed
state-store	CheckKeyNames
state-store	CheckManifestCoversEveryField
state-store	CheckRow
