genesis	CheckDefaults
genesis	CheckEveryRowHasADiscriminatingSeed
genesis	CheckKeyNames
genesis	CheckManifestCoversEveryField
genesis	CheckRow
light_invariance	CheckDefaults
light_invariance	CheckEveryRowHasADiscriminatingSeed
light_invariance	CheckKeyNames
light_invariance	CheckManifestCoversEveryField
light_invariance	CheckRow
state-commit	CheckDefaults
state-commit	CheckEveryRowHasADiscriminatingSeed
state-commit	CheckKeyNames
state-commit	CheckRow
state-store	CheckDefaults
state-store	CheckEveryRowHasADiscriminatingSeed
state-store	CheckKeyNames
state-store	CheckManifestCoversEveryField
state-store	CheckRow
