"grpc.enable"
"grpc.address"
"grpc.keepalive-permit-without-stream"
# keys with a target of their own
"grpc.max-recv-msg-size"
"grpc.max-open-connections"
"grpc.max-connection-idle"
"grpc.max-connection-age"
"grpc.max-connection-age-grace"
"grpc.keepalive-time"
"grpc.keepalive-timeout"
"grpc.keepalive-min-time"
