MinGasPrices = string("0.01usei")
Pruning = string("nothing")
PruningKeepRecent = string("0")
PruningKeepEvery = string("0")
PruningInterval = string("0")
HaltHeight = uint64(0)
FreezeHeight = uint64(0)
HaltTime = uint64(0)
MinRetainBlocks = uint64(0)
InterBlockCache = bool(true)
IndexEvents = <nil-slice>
CompactionInterval = uint64(0)
ConcurrencyWorkers = <derived: max(10, min(runtime.NumCPU()*2, 128))>
OccEnabled = bool(true)
Telemetry.ServiceName = string("")
Telemetry.Enabled = bool(true)
Telemetry.EnableHostname = bool(false)
Telemetry.EnableHostnameLabel = bool(false)
Telemetry.EnableServiceLabel = bool(false)
Telemetry.PrometheusRetentionTime = int64(7200)
Telemetry.GlobalLabels = <nil-slice>
API.Enable = bool(false)
API.Swagger = bool(true)
API.EnableUnsafeCORS = bool(false)
API.Address = string("tcp://0.0.0.0:1317")
API.MaxOpenConnections = uint(1000)
API.RPCReadTimeout = uint(10)
API.RPCWriteTimeout = uint(0)
API.RPCMaxBodyBytes = uint(1000000)
GRPC.Enable = bool(true)
GRPC.Address = string("0.0.0.0:9090")
GRPC.MaxRecvMsgSize = int(4194304)
GRPC.MaxOpenConnections = uint(1000)
GRPC.MaxConnectionIdle = time.Duration(5m0s)
GRPC.MaxConnectionAge = time.Duration(0s)
GRPC.MaxConnectionAgeGrace = time.Duration(0s)
GRPC.KeepaliveTime = time.Duration(2h0m0s)
GRPC.KeepaliveTimeout = time.Duration(20s)
GRPC.KeepaliveMinTime = time.Duration(5m0s)
GRPC.KeepalivePermitWithoutStream = bool(false)
Rosetta.Address = string(":8080")
Rosetta.Blockchain = string("app")
Rosetta.Network = string("network")
Rosetta.Retries = int(3)
Rosetta.Enable = bool(false)
Rosetta.Offline = bool(false)
GRPCWeb.Enable = bool(true)
GRPCWeb.Address = string("0.0.0.0:9091")
GRPCWeb.EnableUnsafeCORS = bool(false)
GRPCWeb.MaxOpenConnections = uint(1000)
Query.DisableLimits = bool(false)
Query.TrustedCIDRs = <nil-slice>
Query.MaxLimit = uint64(1000)
Query.MaxOffset = uint64(10000)
Query.MaxIterations = uint64(10000)
StateSync.SnapshotInterval = uint64(0)
StateSync.SnapshotKeepRecent = uint32(2)
StateSync.SnapshotDirectory = string("")
StateCommit.Enable = bool(true)
StateCommit.Directory = string("")
StateCommit.AsyncCommitBuffer = int(0)
StateCommit.WriteMode = types.WriteMode("memiavl_only")
StateCommit.WriteModeEnableAuto = bool(true)
StateCommit.MemIAVLConfig.AsyncCommitBuffer = int(100)
StateCommit.MemIAVLConfig.SnapshotKeepRecent = uint32(1)
StateCommit.MemIAVLConfig.SnapshotInterval = uint32(10000)
StateCommit.MemIAVLConfig.SnapshotMinTimeInterval = uint32(3600)
StateCommit.MemIAVLConfig.SnapshotWriterLimit = int(4)
StateCommit.MemIAVLConfig.SnapshotPrefetchThreshold = float64(0.8)
StateCommit.MemIAVLConfig.SnapshotWriteRateMBps = int(100)
StateCommit.FlatKVConfig.DataDir = string("")
StateCommit.FlatKVConfig.Fsync = bool(false)
StateCommit.FlatKVConfig.AsyncWriteBuffer = int(0)
StateCommit.FlatKVConfig.SnapshotInterval = uint32(10000)
StateCommit.FlatKVConfig.SnapshotKeepRecent = uint32(1)
StateCommit.FlatKVConfig.ExternalPruning = bool(false)
StateCommit.FlatKVConfig.EnablePebbleMetrics = bool(true)
StateCommit.FlatKVConfig.EnableReadWriteMetrics = bool(false)
StateCommit.FlatKVConfig.AccountDBConfig.DataDir = string("")
StateCommit.FlatKVConfig.AccountDBConfig.EnableMetrics = bool(true)
StateCommit.FlatKVConfig.AccountDBConfig.EnableReadWriteMetrics = bool(false)
StateCommit.FlatKVConfig.AccountDBConfig.MetricsScrapeInterval = time.Duration(10s)
StateCommit.FlatKVConfig.AccountCacheConfig.ShardCount = uint64(8)
StateCommit.FlatKVConfig.AccountCacheConfig.MaxSize = uint64(1073741824)
StateCommit.FlatKVConfig.AccountCacheConfig.EstimatedOverheadPerEntry = uint64(250)
StateCommit.FlatKVConfig.AccountCacheConfig.MetricsName = string("")
StateCommit.FlatKVConfig.AccountCacheConfig.MetricsScrapeInterval = time.Duration(0s)
StateCommit.FlatKVConfig.CodeDBConfig.DataDir = string("")
StateCommit.FlatKVConfig.CodeDBConfig.EnableMetrics = bool(true)
StateCommit.FlatKVConfig.CodeDBConfig.EnableReadWriteMetrics = bool(false)
StateCommit.FlatKVConfig.CodeDBConfig.MetricsScrapeInterval = time.Duration(10s)
StateCommit.FlatKVConfig.CodeCacheConfig.ShardCount = uint64(8)
StateCommit.FlatKVConfig.CodeCacheConfig.MaxSize = uint64(536870912)
StateCommit.FlatKVConfig.CodeCacheConfig.EstimatedOverheadPerEntry = uint64(250)
StateCommit.FlatKVConfig.CodeCacheConfig.MetricsName = string("")
StateCommit.FlatKVConfig.CodeCacheConfig.MetricsScrapeInterval = time.Duration(0s)
StateCommit.FlatKVConfig.StorageDBConfig.DataDir = string("")
StateCommit.FlatKVConfig.StorageDBConfig.EnableMetrics = bool(true)
StateCommit.FlatKVConfig.StorageDBConfig.EnableReadWriteMetrics = bool(false)
StateCommit.FlatKVConfig.StorageDBConfig.MetricsScrapeInterval = time.Duration(10s)
StateCommit.FlatKVConfig.StorageCacheConfig.ShardCount = uint64(8)
StateCommit.FlatKVConfig.StorageCacheConfig.MaxSize = uint64(4294967296)
StateCommit.FlatKVConfig.StorageCacheConfig.EstimatedOverheadPerEntry = uint64(250)
StateCommit.FlatKVConfig.StorageCacheConfig.MetricsName = string("")
StateCommit.FlatKVConfig.StorageCacheConfig.MetricsScrapeInterval = time.Duration(0s)
StateCommit.FlatKVConfig.MiscDBConfig.DataDir = string("")
StateCommit.FlatKVConfig.MiscDBConfig.EnableMetrics = bool(true)
StateCommit.FlatKVConfig.MiscDBConfig.EnableReadWriteMetrics = bool(false)
StateCommit.FlatKVConfig.MiscDBConfig.MetricsScrapeInterval = time.Duration(10s)
StateCommit.FlatKVConfig.MiscCacheConfig.ShardCount = uint64(8)
StateCommit.FlatKVConfig.MiscCacheConfig.MaxSize = uint64(536870912)
StateCommit.FlatKVConfig.MiscCacheConfig.EstimatedOverheadPerEntry = uint64(250)
StateCommit.FlatKVConfig.MiscCacheConfig.MetricsName = string("")
StateCommit.FlatKVConfig.MiscCacheConfig.MetricsScrapeInterval = time.Duration(0s)
StateCommit.FlatKVConfig.ReaderThreadsPerCore = float64(2)
StateCommit.FlatKVConfig.ReaderConstantThreadCount = int(0)
StateCommit.FlatKVConfig.ReaderPoolQueueSize = int(1024)
StateCommit.FlatKVConfig.MiscPoolThreadsPerCore = float64(4)
StateCommit.FlatKVConfig.MiscConstantThreadCount = int(0)
StateCommit.FlatKVConfig.LtHashThreadsPerCore = float64(1)
StateCommit.HistoricalProofMaxInFlight = int(1)
StateCommit.HistoricalProofRateLimit = float64(1)
StateCommit.HistoricalProofBurst = int(1)
StateCommit.HashLogger.Enable = bool(true)
StateCommit.HashLogger.Directory = string("")
StateCommit.HashLogger.BlocksToRetain = uint(0)
StateCommit.HashLogger.TargetFileSize = uint(16777216)
StateCommit.HashLogger.MaxDiskSize = uint(17179869184)
StateCommit.HashLogger.Version = string("")
StateStore.Enable = bool(true)
StateStore.DBDirectory = string("")
StateStore.Backend = string("pebbledb")
StateStore.AsyncWriteBuffer = int(100)
StateStore.KeepRecent = int(100000)
StateStore.PruneIntervalSeconds = int(600)
StateStore.ImportNumWorkers = int(1)
StateStore.EnableReadWriteMetrics = bool(false)
StateStore.KeepLastVersion = bool(true)
StateStore.UseDefaultComparer = bool(false)
StateStore.SnapshotEnable = bool(false)
StateStore.SnapshotInterval = int64(0)
StateStore.SnapshotKeepRecent = int(0)
StateStore.SnapshotMinTimeInterval = time.Duration(0s)
StateStore.ExternalPruning = bool(false)
StateStore.EVMSplit = bool(false)
StateStore.EVMDBDirectory = string("")
StateStore.SeparateEVMSubDBs = bool(false)
Genesis.StreamImport = bool(false)
Genesis.GenesisStreamFile = string("")
