# Which checks each of this package's configuration sections is wired to.
# One line per (section, check) pair, tab-separated, read from this package's own test files.
# A line that disappears is a check that was deleted, which is the one edit the remaining
# checks cannot report. Regenerate with `go test ./<pkg>/ -run TestWiringMatchesTheRecord -update`.

giga_executor	CheckAbsent
giga_executor	CheckDefaults
giga_executor	CheckEveryRowHasADiscriminatingSeed
giga_executor	CheckKeyNames
giga_executor	CheckManifestCoversEveryField
giga_executor	CheckRow
