"evm.http_enabled"
"evm.http_port"
"evm.ws_enabled"
"evm.ws_port"
"evm.read_timeout"
"evm.read_header_timeout"
"evm.write_timeout"
"evm.idle_timeout"
"evm.simulation_gas_limit"
"evm.simulation_evm_timeout"
"evm.enable_simulation"
"evm.cors_origins"
"evm.ws_origins"
"evm.filter_timeout"
"evm.checktx_timeout"
"evm.max_tx_pool_txs"
"evm.slow"
"evm.deny_list"
"evm.max_log_no_block"
"evm.max_blocks_for_log"
"evm.max_log_bytes"
"evm.max_estimate_gas_calls"
"evm.max_state_override_accounts"
"evm.max_state_override_slots"
"evm.max_subscriptions_new_head"
"evm.max_subscriptions_logs"
"evm.enable_test_api"
"evm.max_concurrent_trace_calls"
"evm.max_concurrent_simulation_calls"
"evm.max_trace_lookback_blocks"
"evm.trace_timeout"
"evm.max_trace_struct_log_bytes"
"evm.trace_allow_js_tracers"
"evm.enable_parallelized_block_trace"
"evm.rpc_stats_interval"
"evm.worker_pool_size"
"evm.worker_queue_size"
"evm.enabled_legacy_sei_apis"
"evm.trace_bake_enabled"
"evm.trace_bake_workers"
"evm.trace_bake_queue_size"
"evm.trace_bake_window_blocks"
"evm.trace_bake_use_snapshot"
"evm.trace_bake_snapshot_window"
"evm.ip_rate_limit_rps"
"evm.ip_rate_limit_burst"
"evm.rate_limiting_enabled"
"evm.trusted_proxy_cidrs"
"evm.batch_request_limit"
"evm.batch_response_max_size"
"evm.max_request_body_bytes"
"evm.max_concurrent_request_bytes"
"evm.ws_admission_timeout"
"evm.body_read_idle_timeout"
# keys with a target of their own
