HTTPEnabled = bool(true)
HTTPPort = int(8545)
WSEnabled = bool(true)
WSPort = int(8546)
ReadTimeout = time.Duration(30s)
ReadHeaderTimeout = time.Duration(30s)
WriteTimeout = time.Duration(30s)
IdleTimeout = time.Duration(2m0s)
SimulationGasLimit = uint64(10000000)
SimulationEVMTimeout = time.Duration(1m0s)
CORSOrigins = string("*")
WSOrigins = string("*")
FilterTimeout = time.Duration(2m0s)
CheckTxTimeout = time.Duration(5s)
MaxTxPoolTxs = uint64(1000)
Slow = bool(false)
DenyList = <empty-slice>
MaxLogNoBlock = int64(10000)
MaxLogBytes = int64(67108864)
MaxBlocksForLog = int64(2000)
MaxEstimateGasCalls = int(100)
MaxStateOverrideAccounts = int(100)
MaxStateOverrideSlots = int(1000)
MaxSubscriptionsNewHead = uint64(10000)
MaxSubscriptionsLogs = uint64(1000)
EnableTestAPI = bool(false)
MaxConcurrentTraceCalls = uint64(10)
MaxConcurrentSimulationCalls = <derived: runtime.NumCPU()>
MaxTraceLookbackBlocks = int64(10000)
TraceTimeout = time.Duration(30s)
MaxTraceStructLogBytes = uint64(33554432)
TraceAllowedTracers[0] = string("callTracer")
TraceAllowedTracers[1] = string("prestateTracer")
TraceAllowedTracers[2] = string("flatCallTracer")
TraceAllowedTracers[3] = string("4byteTracer")
TraceAllowedTracers[4] = string("noopTracer")
TraceAllowedTracers[5] = string("muxTracer")
TraceAllowJSTracers = bool(false)
EnableParallelizedBlockTrace = bool(false)
RPCStatsInterval = time.Duration(10s)
WorkerPoolSize = <derived: min(MaxWorkerPoolSize, runtime.NumCPU()*2)>
WorkerQueueSize = int(1000)
EnabledLegacySeiApis[0] = string("sei_getSeiAddress")
EnabledLegacySeiApis[1] = string("sei_getEVMAddress")
EnabledLegacySeiApis[2] = string("sei_getCosmosTx")
TraceBakeEnabled = bool(false)
TraceBakeWorkers = int(1)
TraceBakeQueueSize = int(4096)
TraceBakeTracers[0] = string("callTracer")
TraceBakeWindowBlocks = int64(0)
TraceBakeUseSnapshot = bool(false)
TraceBakeSnapshotWindow = int64(64)
IPRateLimitRPS = float64(200)
IPRateLimitBurst = int(400)
BatchRequestLimit = int(1000)
BatchResponseMaxSize = int(25000000)
MaxRequestBodyBytes = int64(5242880)
MaxConcurrentRequestBytes = int64(134217728)
BodyReadIdleTimeout = time.Duration(10s)
MaxOpenConnections = int(2000)
